Microchip MPLAB XC8 Compiler V1.35 ()

Linker command line:

--edf=C:\Program Files (x86)\Microchip\xc8\v1.35\dat\en_msgs.txt -cs \
  -h+dist/default/production\Ice_DAU.X.production.sym \
  --cmf=dist/default/production\Ice_DAU.X.production.cmf -z -Q16F874A \
  -oC:\Users\Leo\AppData\Local\Temp\s65g.2 \
  -Mdist/default/production/Ice_DAU.X.production.map -E1 -ver=XC8 \
  -ASTACK=0B3h-0fdh -pstack=STACK -ACODE=00h-07FFhx2 -ASTRCODE=00h-0FFFh \
  -ASTRING=00h-0FFhx16 -ACONST=00h-0FFhx16 -AENTRY=00h-0FFhx16 \
  -ABANK0=020h-07Dh -ABANK1=0A0h-0FDh -ARAM=020h-07Dh,0A0h-0FDh \
  -AABS1=020h-07Fh,0A0h-0FFh -ACOMMON=07Eh-07Fh -ASFR0=00h-01Fh \
  -ASFR1=080h-09Fh -ASFR2=0100h-017Dh -ASFR3=0180h-01FDh \
  -preset_vec=00h,intentry=04h,init,end_init -ppowerup=CODE -pcinit=CODE \
  -pfunctab=CODE -ACONFIG=02007h-02007h -pconfig=CONFIG -DCONFIG=2 \
  -AIDLOC=02000h-02003h -pidloc=IDLOC -DIDLOC=2 -AEEDATA=00h-07Fh/02100h \
  -peeprom_data=EEDATA -DEEDATA=2 -DCODE=2 -DSTRCODE=2 -DSTRING=2 -DCONST=2 \
  -DENTRY=2 -k C:\Users\Leo\AppData\Local\Temp\s65g.obj \
  dist/default/production\Ice_DAU.X.production.obj 

Object code version is 3.11

Machine type is 16F874A



                Name                               Link     Load   Length Selector   Space Scale
C:\Users\Leo\AppData\Local\Temp\s65g.obj
                end_init                             11       11        2        8       0
                reset_vec                             0        0        2        0       0
                config                             2007     2007        1     400E       0
dist/default/production\Ice_DAU.X.production.obj
                cinit                                13       13       18        8       0
                intentry                              4        4        D        8       0
                text12                              168      168       61        8       0
                text11                               EF       EF       79        8       0
                text10                              331      331       13        8       0
                text9                               364      364        D      6C8       0
                text8                               371      371        C      6C8       0
                text7                               28E      28E       34        8       0
                text6                               37D      37D        B      6C8       0
                text5                               251      251       3D        8       0
                text4                               20D      20D       44        8       0
                text3                                2B       2B       C4        8       0
                text2                               2F4      2F4       2A        8       0
                swtext1                             354      354       10      6A8       0
                text1                               1C9      1C9       44        8       0
                maintext                            2C2      2C2       32        8       0
                cstackBANK0                          49       49       24       20       1
                inittext                            344      344       10        8       0
                clrtext                             388      388        8      6C8       0
                dataBANK1                            A0       A0       13       A0       1
                dataBANK0                            6D       6D        1       20       1
                bssBANK0                             20       20       29       20       1
                idataBANK1                          31E      31E       13        8       0
                idataBANK0                          390      390        1      6C8       0

TOTAL           Name                               Link     Load   Length     Space
        CLASS   STACK          

        CLASS   CODE           
                end_init                             11       11        2         0
                cinit                                13       13       18         0
                intentry                              4        4        D         0
                reset_vec                             0        0        2         0
                text12                              168      168       61         0
                text11                               EF       EF       79         0
                text10                              331      331       13         0
                text9                               364      364        D         0
                text8                               371      371        C         0
                text7                               28E      28E       34         0
                text6                               37D      37D        B         0
                text5                               251      251       3D         0
                text4                               20D      20D       44         0
                text3                                2B       2B       C4         0
                text2                               2F4      2F4       2A         0
                text1                               1C9      1C9       44         0
                maintext                            2C2      2C2       32         0
                inittext                            344      344       10         0
                clrtext                             388      388        8         0
                idataBANK1                          31E      31E       13         0
                idataBANK0                          390      390        1         0

        CLASS   STRCODE        

        CLASS   STRING         

        CLASS   CONST          
                swtext1                             354      354       10         0

        CLASS   ENTRY          

        CLASS   BANK0          
                cstackBANK0                          49       49       24         1
                dataBANK0                            6D       6D        1         1
                bssBANK0                             20       20       29         1

        CLASS   BANK1          
                dataBANK1                            A0       A0       13         1

        CLASS   RAM            

        CLASS   ABS1           
                abs_s1                               7E       7E        2         1

        CLASS   COMMON         

        CLASS   SFR0           

        CLASS   SFR1           

        CLASS   SFR2           

        CLASS   SFR3           

        CLASS   CONFIG         
                config                             2007     2007        1         0

        CLASS   IDLOC          

        CLASS   EEDATA         

        CLASS   BANK3          

        CLASS   BANK2          



SEGMENTS        Name                           Load    Length   Top    Selector   Space  Class     Delta

                reset_vec                      000000  000002  000002         0       0  CODE        2
                intentry                       000004  000350  000354         8       0  CODE        2
                bssBANK0                       000020  00004E  00006E        20       1  BANK0       1
                dataBANK1                      0000A0  000013  0000B3        A0       1  BANK1       1
                swtext1                        000354  000010  000364       6A8       0  CONST       2
                text9                          000364  00002D  000391       6C8       0  CODE        2
                config                         002007  000001  002008      400E       0  CONFIG      2


UNUSED ADDRESS RANGES

        Name                Unused          Largest block    Delta
        BANK0            006E-007D             10           1
        BANK1            00B3-00FD             4B           1
        CODE             0002-0003              2           2
                         0391-0FFF            46F
        CONST            0002-0003              2           2
                         0391-0FFF            100
        EEDATA           2100-217F             80           2
        ENTRY            0002-0003              2           2
                         0391-0FFF            100
        IDLOC            2000-2003              4           2
        RAM              006E-007D             10           1
                         00B3-00FD             4B
        SFR0             0000-001F             20           1
        SFR1             0080-009F             20           1
        SFR2             0100-017D             7E           1
        SFR3             0180-01FD             7E           1
        STACK            00B3-00FD             4B           1
        STRCODE          0002-0003              2           2
                         0391-0FFF            C6F
        STRING           0002-0003              2           2
                         0391-0FFF            100

                                  Symbol Table

?_calc_crc               cstackBANK0  004D
?_generateCRC            cstackBANK0  0059
PollSensor@i             cstackBANK0  004E
Pr_UART_Data@crc         cstackBANK0  006A
Pr_UART_Data@sensorVal   cstackBANK0  0067
Pr_UART_Data@status      cstackBANK0  0069
Read_UART@c              cstackBANK0  004E
TestRelays@i             cstackBANK0  004D
UART_putc@c              cstackBANK0  004D
_ADCON1                  (abs)        009F
_GreenLED_timer          bssBANK0     0020
_INTCONbits              (abs)        000B
_InitPorts               text11       00EF
_InitTimer               text10       0331
_Init_UART               text9        0364
_OPTION_REGbits          (abs)        0081
_PIE1bits                (abs)        008C
_PIR1bits                (abs)        000C
_PORTAbits               (abs)        0005
_PORTBbits               (abs)        0006
_PORTCbits               (abs)        0007
_PORTDbits               (abs)        0008
_PORTEbits               (abs)        0009
_PollSensor              text7        028E
_PollTimer               dataBANK0    006D
_PrRxMsg                 bssBANK0     0028
_Pr_UART_Data            text3        002B
_RCREG                   (abs)        001A
_RCSTAbits               (abs)        0018
_Read_UART               text2        02F4
_RedLED_timer            bssBANK0     0022
_RxBuf                   bssBANK0     002C
_RxPtr                   bssBANK0     0029
_RxTimer                 bssBANK0     002A
_Rx_OK                   bssBANK0     0024
_SPBRG                   (abs)        0099
_SecondInterrupt         bssBANK0     002B
_T1CON                   (abs)        0010
_T1CONbits               (abs)        0010
_TMR1H                   (abs)        000F
_TMR1L                   (abs)        000E
_TRISAbits               (abs)        0085
_TRISBbits               (abs)        0086
_TRISCbits               (abs)        0087
_TRISDbits               (abs)        0088
_TRISEbits               (abs)        0089
_TXREG                   (abs)        0019
_TXSTAbits               (abs)        0098
_TestRelays              text1        01C9
_TurnOffRelays           text6        037D
_TxBuf                   dataBANK1    00A0
_UART_putc               text8        0371
__CFG_BOREN$ON           (abs)        0000
__CFG_CP$OFF             (abs)        0000
__CFG_DEBUG$OFF          (abs)        0000
__CFG_FOSC$HS            (abs)        0000
__CFG_LVP$OFF            (abs)        0000
__CFG_PWRTE$ON           (abs)        0000
__CFG_WDTE$ON            (abs)        0000
__Habs1                  abs1         0000
__Hbank0                 bank0        0000
__Hbank1                 bank1        0000
__Hbank2                 bank2        0000
__Hbank3                 bank3        0000
__HbssBANK0              bssBANK0     0000
__Hcinit                 cinit        002B
__Hclrtext               clrtext      0000
__Hcode                  code         0000
__Hcommon                common       0000
__Hconfig                config       2008
__HcstackBANK0           cstackBANK0  0000
__HcstackCOMMON          cstackCOMMON 0000
__HdataBANK0             dataBANK0    0000
__HdataBANK1             dataBANK1    0000
__Heeprom_data           eeprom_data  0000
__Hend_init              end_init     0013
__Hfunctab               functab      0000
__HidataBANK0            idataBANK0   0000
__HidataBANK1            idataBANK1   0000
__Hidloc                 idloc        0000
__Hinit                  init         0011
__Hinittext              inittext     0000
__Hintentry              intentry     0011
__Hmaintext              maintext     0000
__Hpowerup               powerup      0000
__Hram                   ram          0000
__Hreset_vec             reset_vec    0002
__Hsfr0                  sfr0         0000
__Hsfr1                  sfr1         0000
__Hsfr2                  sfr2         0000
__Hsfr3                  sfr3         0000
__Hspace_0               (abs)        2008
__Hspace_1               (abs)        00B3
__Hspace_2               (abs)        0000
__Hspace_3               (abs)        0000
__Hstack                 stack        0000
__Hstrings               strings      0000
__Htext                  text         0000
__Labs1                  abs1         0000
__Lbank0                 bank0        0000
__Lbank1                 bank1        0000
__Lbank2                 bank2        0000
__Lbank3                 bank3        0000
__LbssBANK0              bssBANK0     0000
__Lcinit                 cinit        0013
__Lclrtext               clrtext      0000
__Lcode                  code         0000
__Lcommon                common       0000
__Lconfig                config       2007
__LcstackBANK0           cstackBANK0  0000
__LcstackCOMMON          cstackCOMMON 0000
__LdataBANK0             dataBANK0    0000
__LdataBANK1             dataBANK1    0000
__Leeprom_data           eeprom_data  0000
__Lend_init              end_init     0011
__Lfunctab               functab      0000
__LidataBANK0            idataBANK0   0000
__LidataBANK1            idataBANK1   0000
__Lidloc                 idloc        0000
__Linit                  init         0011
__Linittext              inittext     0000
__Lintentry              intentry     0004
__Lmaintext              maintext     0000
__Lpowerup               powerup      0000
__Lram                   ram          0000
__Lreset_vec             reset_vec    0000
__Lsfr0                  sfr0         0000
__Lsfr1                  sfr1         0000
__Lsfr2                  sfr2         0000
__Lsfr3                  sfr3         0000
__Lspace_0               (abs)        0000
__Lspace_1               (abs)        0000
__Lspace_2               (abs)        0000
__Lspace_3               (abs)        0000
__Lstack                 stack        0000
__Lstrings               strings      0000
__Ltext                  text         0000
__S0                     (abs)        2008
__S1                     (abs)        00B3
__S2                     (abs)        0000
__S3                     (abs)        0000
___int_sp                stack        0000
___latbits               (abs)        0001
___sp                    stack        0000
__end_of_InitPorts       text11       0168
__end_of_InitTimer       text10       0344
__end_of_Init_UART       text9        0371
__end_of_PollSensor      text7        02C2
__end_of_Pr_UART_Data    text3        00EF
__end_of_Read_UART       text2        031E
__end_of_TestRelays      text1        020D
__end_of_TurnOffRelays   text6        0388
__end_of_UART_putc       text8        037D
__end_of__initialization cinit        0028
__end_of_calc_crc        text5        028E
__end_of_generateCRC     text4        0251
__end_of_isr             text12       01C9
__end_of_main            maintext     02F4
__initialization         cinit        0013
__pbssBANK0              bssBANK0     0020
__pcstackBANK0           cstackBANK0  0049
__pcstackCOMMON          cstackCOMMON 0000
__pdataBANK0             dataBANK0    006D
__pdataBANK1             dataBANK1    00A0
__pidataBANK0            idataBANK0   0390
__pidataBANK1            idataBANK1   031E
__pintentry              intentry     0004
__pmaintext              maintext     02C2
__pswtext1               swtext1      0354
__ptext1                 text1        01C9
__ptext10                text10       0331
__ptext11                text11       00EF
__ptext12                text12       0168
__ptext2                 text2        02F4
__ptext3                 text3        002B
__ptext4                 text4        020D
__ptext5                 text5        0251
__ptext6                 text6        037D
__ptext7                 text7        028E
__ptext8                 text8        0371
__ptext9                 text9        0364
__size_of_InitPorts      (abs)        0000
__size_of_InitTimer      (abs)        0000
__size_of_Init_UART      (abs)        0000
__size_of_PollSensor     (abs)        0000
__size_of_Pr_UART_Data   (abs)        0000
__size_of_Read_UART      (abs)        0000
__size_of_TestRelays     (abs)        0000
__size_of_TurnOffRelays  (abs)        0000
__size_of_UART_putc      (abs)        0000
__size_of_calc_crc       (abs)        0000
__size_of_generateCRC    (abs)        0000
__size_of_isr            (abs)        0000
__size_of_main           (abs)        0000
_calc_crc                text5        0251
_generateCRC             text4        020D
_isr                     text12       0168
_main                    maintext     02C2
btemp                    (abs)        007E
calc_crc@crc_buff        cstackBANK0  004D
calc_crc@i               cstackBANK0  0058
calc_crc@input           cstackBANK0  004F
calc_crc@x16             cstackBANK0  0056
clear_ram0               clrtext      0388
end_of_initialization    cinit        0028
generateCRC@buf          cstackBANK0  005E
generateCRC@crc          cstackBANK0  005F
generateCRC@i            cstackBANK0  0061
generateCRC@len          cstackBANK0  0059
init_fetch0              inittext     0344
init_ram0                inittext     0348
interrupt_function       intentry     0004
intlevel0                functab      0000
intlevel1                functab      0000
intlevel2                functab      0000
intlevel3                functab      0000
intlevel4                functab      0000
intlevel5                functab      0000
isr@Count                bssBANK0     0026
ltemp                    (abs)        007E
ltemp0                   (abs)        007E
ltemp1                   (abs)        0082
ltemp2                   (abs)        0086
ltemp3                   (abs)        0080
reset_vec                reset_vec    0000
saved_w                  (abs)        007E
stackhi                  (abs)        0000
stacklo                  (abs)        0000
start                    init         0011
start_initialization     cinit        0013
ttemp                    (abs)        007E
ttemp0                   (abs)        007E
ttemp1                   (abs)        0081
ttemp2                   (abs)        0084
ttemp3                   (abs)        0087
ttemp4                   (abs)        007F
wtemp                    (abs)        007E
wtemp0                   (abs)        007E
wtemp1                   (abs)        0080
wtemp2                   (abs)        0082
wtemp3                   (abs)        0084
wtemp4                   (abs)        0086
wtemp5                   (abs)        0088
wtemp6                   (abs)        007F


FUNCTION INFORMATION:

 *************** function _main *****************
 Defined at:
		line 131 in file "main.c"
 Parameters:    Size  Location     Type
		None
 Auto vars:     Size  Location     Type
		None
 Return value:  Size  Location     Type
		None               void
 Registers used:
		wreg, fsr0l, fsr0h, status,2, status,0, btemp+1, pclath, cstack
 Tracked objects:
		On entry : 
		On exit  : 
		Unchanged: 
 Data sizes:     COMMON   BANK0   BANK1
      Params:         0       0       0
      Locals:         0       0       0
      Temps:          0       1       0
      Totals:         0       1       0
Total ram usage:        1 bytes
 Hardware stack levels required when called:    4
 This function calls:
		_InitPorts
		_InitTimer
		_Init_UART
		_PollSensor
		_Pr_UART_Data
		_Read_UART
		_TestRelays
 This function is called by:
		Startup code after reset
 This function uses a non-reentrant model


 *************** function _TestRelays *****************
 Defined at:
		line 547 in file "main.c"
 Parameters:    Size  Location     Type
		None
 Auto vars:     Size  Location     Type
  i               2    4[BANK0 ] int 
 Return value:  Size  Location     Type
		None               void
 Registers used:
		wreg, fsr0l, fsr0h, status,2, status,0, btemp+1, pclath, cstack
 Tracked objects:
		On entry : 
		On exit  : 
		Unchanged: 
 Data sizes:     COMMON   BANK0   BANK1
      Params:         0       0       0
      Locals:         0       2       0
      Temps:          0       0       0
      Totals:         0       2       0
Total ram usage:        2 bytes
 Hardware stack levels used:    1
 Hardware stack levels required when called:    2
 This function calls:
		_TurnOffRelays
 This function is called by:
		_main
 This function uses a non-reentrant model


 *************** function _Read_UART *****************
 Defined at:
		line 419 in file "main.c"
 Parameters:    Size  Location     Type
		None
 Auto vars:     Size  Location     Type
  c               1    5[BANK0 ] unsigned char 
 Return value:  Size  Location     Type
		None               void
 Registers used:
		wreg, fsr0l, fsr0h, status,2, status,0
 Tracked objects:
		On entry : 
		On exit  : 
		Unchanged: 
 Data sizes:     COMMON   BANK0   BANK1
      Params:         0       0       0
      Locals:         0       1       0
      Temps:          0       1       0
      Totals:         0       2       0
Total ram usage:        2 bytes
 Hardware stack levels used:    1
 Hardware stack levels required when called:    1
 This function calls:
		Nothing
 This function is called by:
		_main
 This function uses a non-reentrant model


 *************** function _Pr_UART_Data *****************
 Defined at:
		line 483 in file "main.c"
 Parameters:    Size  Location     Type
		None
 Auto vars:     Size  Location     Type
  crc             2   33[BANK0 ] unsigned short 
  sensorVal       2   30[BANK0 ] unsigned int 
  status          1   32[BANK0 ] unsigned char 
 Return value:  Size  Location     Type
		None               void
 Registers used:
		wreg, fsr0l, fsr0h, status,2, status,0, btemp+1, pclath, cstack
 Tracked objects:
		On entry : 
		On exit  : 
		Unchanged: 
 Data sizes:     COMMON   BANK0   BANK1
      Params:         0       0       0
      Locals:         0       5       0
      Temps:          0       4       0
      Totals:         0       9       0
Total ram usage:        9 bytes
 Hardware stack levels used:    1
 Hardware stack levels required when called:    3
 This function calls:
		_TurnOffRelays
		_generateCRC
 This function is called by:
		_main
 This function uses a non-reentrant model


 *************** function _generateCRC *****************
 Defined at:
		line 197 in file "main.c"
 Parameters:    Size  Location     Type
  buf             1    wreg     PTR unsigned char 
		 -> RxBuf(29), 
  len             2   16[BANK0 ] int 
 Auto vars:     Size  Location     Type
  buf             1   21[BANK0 ] PTR unsigned char 
		 -> RxBuf(29), 
  i               2   24[BANK0 ] int 
  crc             2   22[BANK0 ] unsigned short 
 Return value:  Size  Location     Type
                  2   16[BANK0 ] unsigned short 
 Registers used:
		wreg, fsr0l, fsr0h, status,2, status,0, pclath, cstack
 Tracked objects:
		On entry : 
		On exit  : 
		Unchanged: 
 Data sizes:     COMMON   BANK0   BANK1
      Params:         0       2       0
      Locals:         0       5       0
      Temps:          0       3       0
      Totals:         0      10       0
Total ram usage:       10 bytes
 Hardware stack levels used:    1
 Hardware stack levels required when called:    2
 This function calls:
		_calc_crc
 This function is called by:
		_Pr_UART_Data
 This function uses a non-reentrant model


 *************** function _calc_crc *****************
 Defined at:
		line 174 in file "main.c"
 Parameters:    Size  Location     Type
  crc_buff        2    4[BANK0 ] unsigned short 
  input           1    6[BANK0 ] unsigned char 
 Auto vars:     Size  Location     Type
  x16             2   13[BANK0 ] unsigned short 
  i               1   15[BANK0 ] unsigned char 
 Return value:  Size  Location     Type
                  2    4[BANK0 ] unsigned short 
 Registers used:
		wreg, status,2, status,0
 Tracked objects:
		On entry : 
		On exit  : 
		Unchanged: 
 Data sizes:     COMMON   BANK0   BANK1
      Params:         0       3       0
      Locals:         0       3       0
      Temps:          0       6       0
      Totals:         0      12       0
Total ram usage:       12 bytes
 Hardware stack levels used:    1
 Hardware stack levels required when called:    1
 This function calls:
		Nothing
 This function is called by:
		_generateCRC
 This function uses a non-reentrant model


 *************** function _TurnOffRelays *****************
 Defined at:
		line 450 in file "main.c"
 Parameters:    Size  Location     Type
		None
 Auto vars:     Size  Location     Type
		None
 Return value:  Size  Location     Type
		None               void
 Registers used:
		None
 Tracked objects:
		On entry : 
		On exit  : 
		Unchanged: 
 Data sizes:     COMMON   BANK0   BANK1
      Params:         0       0       0
      Locals:         0       0       0
      Temps:          0       0       0
      Totals:         0       0       0
Total ram usage:        0 bytes
 Hardware stack levels used:    1
 Hardware stack levels required when called:    1
 This function calls:
		Nothing
 This function is called by:
		_Pr_UART_Data
		_TestRelays
 This function uses a non-reentrant model


 *************** function _PollSensor *****************
 Defined at:
		line 315 in file "main.c"
 Parameters:    Size  Location     Type
		None
 Auto vars:     Size  Location     Type
  i               2    5[BANK0 ] int 
 Return value:  Size  Location     Type
		None               void
 Registers used:
		wreg, fsr0l, fsr0h, status,2, status,0, btemp+1, pclath, cstack
 Tracked objects:
		On entry : 
		On exit  : 
		Unchanged: 
 Data sizes:     COMMON   BANK0   BANK1
      Params:         0       0       0
      Locals:         0       2       0
      Temps:          0       0       0
      Totals:         0       2       0
Total ram usage:        2 bytes
 Hardware stack levels used:    1
 Hardware stack levels required when called:    2
 This function calls:
		_UART_putc
 This function is called by:
		_main
 This function uses a non-reentrant model


 *************** function _UART_putc *****************
 Defined at:
		line 331 in file "main.c"
 Parameters:    Size  Location     Type
  c               1    wreg     unsigned char 
 Auto vars:     Size  Location     Type
  c               1    4[BANK0 ] unsigned char 
 Return value:  Size  Location     Type
		None               void
 Registers used:
		wreg
 Tracked objects:
		On entry : 
		On exit  : 
		Unchanged: 
 Data sizes:     COMMON   BANK0   BANK1
      Params:         0       0       0
      Locals:         0       1       0
      Temps:          0       0       0
      Totals:         0       1       0
Total ram usage:        1 bytes
 Hardware stack levels used:    1
 Hardware stack levels required when called:    1
 This function calls:
		Nothing
 This function is called by:
		_PollSensor
 This function uses a non-reentrant model


 *************** function _Init_UART *****************
 Defined at:
		line 215 in file "main.c"
 Parameters:    Size  Location     Type
		None
 Auto vars:     Size  Location     Type
		None
 Return value:  Size  Location     Type
		None               void
 Registers used:
		wreg
 Tracked objects:
		On entry : 
		On exit  : 
		Unchanged: 
 Data sizes:     COMMON   BANK0   BANK1
      Params:         0       0       0
      Locals:         0       0       0
      Temps:          0       0       0
      Totals:         0       0       0
Total ram usage:        0 bytes
 Hardware stack levels used:    1
 Hardware stack levels required when called:    1
 This function calls:
		Nothing
 This function is called by:
		_main
 This function uses a non-reentrant model


 *************** function _InitTimer *****************
 Defined at:
		line 239 in file "main.c"
 Parameters:    Size  Location     Type
		None
 Auto vars:     Size  Location     Type
		None
 Return value:  Size  Location     Type
		None               void
 Registers used:
		wreg
 Tracked objects:
		On entry : 
		On exit  : 
		Unchanged: 
 Data sizes:     COMMON   BANK0   BANK1
      Params:         0       0       0
      Locals:         0       0       0
      Temps:          0       0       0
      Totals:         0       0       0
Total ram usage:        0 bytes
 Hardware stack levels used:    1
 Hardware stack levels required when called:    1
 This function calls:
		Nothing
 This function is called by:
		_main
 This function uses a non-reentrant model


 *************** function _InitPorts *****************
 Defined at:
		line 346 in file "main.c"
 Parameters:    Size  Location     Type
		None
 Auto vars:     Size  Location     Type
		None
 Return value:  Size  Location     Type
		None               void
 Registers used:
		wreg
 Tracked objects:
		On entry : 
		On exit  : 
		Unchanged: 
 Data sizes:     COMMON   BANK0   BANK1
      Params:         0       0       0
      Locals:         0       0       0
      Temps:          0       0       0
      Totals:         0       0       0
Total ram usage:        0 bytes
 Hardware stack levels used:    1
 Hardware stack levels required when called:    1
 This function calls:
		Nothing
 This function is called by:
		_main
 This function uses a non-reentrant model


 *************** function _isr *****************
 Defined at:
		line 260 in file "main.c"
 Parameters:    Size  Location     Type
		None
 Auto vars:     Size  Location     Type
		None
 Return value:  Size  Location     Type
		None               void
 Registers used:
		wreg, status,2, status,0, btemp+1
 Tracked objects:
		On entry : 
		On exit  : 
		Unchanged: 
 Data sizes:     COMMON   BANK0   BANK1
      Params:         0       0       0
      Locals:         0       0       0
      Temps:          0       4       0
      Totals:         0       4       0
Total ram usage:        4 bytes
 Hardware stack levels used:    1
 This function calls:
		Nothing
 This function is called by:
		Interrupt level 1
 This function uses a non-reentrant model



MODULE INFORMATION

Module		Function		Class		Link	Load	Size
shared
		__initialization		CODE           	0013	0000	22

shared estimated size: 22

main.c
		_Init_UART     		CODE           	0364	0000	14
		_Pr_UART_Data  		CODE           	002B	0000	197
		_InitPorts     		CODE           	00EF	0000	122
		_Read_UART     		CODE           	02F4	0000	43
		_calc_crc      		CODE           	0251	0000	62
		_TestRelays    		CODE           	01C9	0000	69
		_InitTimer     		CODE           	0331	0000	20
		_main          		CODE           	02C2	0000	51
		_UART_putc     		CODE           	0371	0000	13
		_generateCRC   		CODE           	020D	0000	69
		_isr           		CODE           	0168	0000	98
		_TurnOffRelays 		CODE           	037D	0000	12
		_PollSensor    		CODE           	028E	0000	53

main.c estimated size: 823

